// Jest Snapshot v1, https://goo.gl/fbAQLP

exports[`#trace should throw if the name is empty/falsy 1`] = `"Must provide a name for the trace session."`;

exports[`#trace should throw if the name is empty/falsy 2`] = `"Must provide a name for the trace session."`;

exports[`#trace should throw if the name is empty/falsy 3`] = `"Must provide a name for the trace session."`;
